---
source: tests/integration.rs
expression: buffer_to_string(&terminal)
---
                                                             │
  Search...                                                  │  ^G  everywhere
                                                             │




















  ↑↓  navigate  │  ^G  cwd  │  Esc  quit                             0 sessions
